remote: 
remote: The gate configuration lists delphix-gate rather than gate.[K
remote: Contact the administrator or gatekeeper.[K
remote: 
