remote: 
remote: The gate configuration is missing a notification address.[K
remote: Contact the administrator or gatekeeper.[K
remote: 
