remote: 
remote: This git repo has not been set up as a gate.[K
remote: Contact the administrator or gatekeeper.[K
remote: 
