remote: ERROR: bug 13408 is not covered by a pending review[K
