remote: ERROR: bug 1234 is not covered by a pending review[K
