remote: changing file: doc/bar[K
remote: changing file: doc/foo[K
remote: Checks successful.[K
remote: differentinvalidemailaddress@abadaddress [gate] push to app (bugs 13408)[K
remote: skipping bug update[K
