remote: changing file: the_epa[K
remote: Checks successful.[K
remote: invalidemailaddress@abadaddress [gate] push (bugs 14273)[K
remote: skipping bug update[K
