remote: changing file: appliance/server/foo[K
remote: changing file: doc/bar[K
remote: changing file: doc/foo[K
remote: Checks successful.[K
remote: invalidemailaddress@abadaddress [gate] push to app (I love my project gate)[K
remote: skipping bug update[K
